2026-06-04 06:47:15 | ml_trading | INFO | Loading reference data for correlations...
2026-06-04 06:47:15 | ml_trading | INFO | Database schema initialized
2026-06-04 06:47:15 | ml_trading | INFO | Database initialized at /home/zafka/trade-dashboard/ml_service/storage/database.db
2026-06-04 06:47:15 | ml_trading | INFO | 
================================================================================
2026-06-04 06:47:15 | ml_trading | INFO | Processing BTCUSDT 1h
2026-06-04 06:47:15 | ml_trading | INFO | ================================================================================
2026-06-04 06:47:15 | ml_trading | INFO | Old model: BTCUSDT_1h_lightgbm_20260604_064408.pkl
2026-06-04 06:47:15 | ml_trading | INFO | Starting training for BTCUSDT 1h
[!] VWAP requires an ordered DatetimeIndex.
2026-06-04 06:47:22 | ml_trading | INFO | Fetched 200 funding rate records for BTCUSDT
2026-06-04 06:47:22 | ml_trading | INFO | Clean dataset: 580 rows after dropping NaN
2026-06-04 06:47:22 | ml_trading | INFO | Fold 1: train=400, test=50
2026-06-04 06:47:31 | ml_trading | INFO | Fold 2: train=450, test=50
2026-06-04 06:47:36 | ml_trading | INFO | Fold 3: train=500, test=50
2026-06-04 06:47:46 | ml_trading | INFO | Walk-forward validation complete: 3 folds
2026-06-04 06:47:46 | ml_trading | INFO | Avg F1 - Short: 0.198, Neutral: 0.445, Long: 0.033
2026-06-04 06:47:46 | ml_trading | INFO | Training final lightgbm model on 580 samples
2026-06-04 06:47:46 | ml_trading | INFO | Model saved to /home/zafka/trade-dashboard/ml_service/storage/models/BTCUSDT_1h_lightgbm_20260604_064746.pkl
2026-06-04 06:47:46 | ml_trading | INFO | ✓ Training complete: F1 = 0.3133
2026-06-04 06:47:46 | ml_trading | INFO | 
================================================================================
2026-06-04 06:47:46 | ml_trading | INFO | Processing BTCUSDT 4h
2026-06-04 06:47:46 | ml_trading | INFO | ================================================================================
2026-06-04 06:47:46 | ml_trading | INFO | Old model: BTCUSDT_4h_lightgbm_20260603_181657.pkl
2026-06-04 06:47:46 | ml_trading | INFO | Starting training for BTCUSDT 4h
[!] VWAP requires an ordered DatetimeIndex.
2026-06-04 06:47:47 | ml_trading | INFO | Fetched 200 funding rate records for BTCUSDT
2026-06-04 06:47:47 | ml_trading | INFO | Clean dataset: 83 rows after dropping NaN
2026-06-04 06:47:47 | ml_trading | INFO | Fold 1: train=49, test=12
2026-06-04 06:47:47 | ml_trading | INFO | Fold 2: train=61, test=12
2026-06-04 06:47:47 | ml_trading | INFO | Walk-forward validation complete: 2 folds
2026-06-04 06:47:47 | ml_trading | INFO | Avg F1 - Short: 0.729, Neutral: 0.333, Long: 0.382
2026-06-04 06:47:47 | ml_trading | INFO | Training final lightgbm model on 83 samples
2026-06-04 06:47:48 | ml_trading | INFO | Model saved to /home/zafka/trade-dashboard/ml_service/storage/models/BTCUSDT_4h_lightgbm_20260604_064748.pkl
2026-06-04 06:47:48 | ml_trading | INFO | ✓ Training complete: F1 = 0.5482
2026-06-04 06:47:48 | ml_trading | INFO | 
================================================================================
2026-06-04 06:47:48 | ml_trading | INFO | Processing ETHUSDT 1h
2026-06-04 06:47:48 | ml_trading | INFO | ================================================================================
2026-06-04 06:47:48 | ml_trading | INFO | Old model: ETHUSDT_1h_xgboost_20260603_183510.pkl
2026-06-04 06:47:48 | ml_trading | INFO | Starting training for ETHUSDT 1h
[!] VWAP requires an ordered DatetimeIndex.
2026-06-04 06:47:52 | ml_trading | INFO | Fetched 200 funding rate records for ETHUSDT
2026-06-04 06:47:52 | ml_trading | INFO | Clean dataset: 579 rows after dropping NaN
2026-06-04 06:47:52 | ml_trading | INFO | Fold 1: train=400, test=50
2026-06-04 06:47:58 | ml_trading | INFO | Fold 2: train=450, test=50
2026-06-04 06:48:14 | ml_trading | INFO | Fold 3: train=500, test=50
2026-06-04 06:48:19 | ml_trading | INFO | Walk-forward validation complete: 3 folds
2026-06-04 06:48:19 | ml_trading | INFO | Avg F1 - Short: 0.203, Neutral: 0.188, Long: 0.281
2026-06-04 06:48:19 | ml_trading | INFO | Training final xgboost model on 579 samples
2026-06-04 06:48:28 | ml_trading | INFO | Model saved to /home/zafka/trade-dashboard/ml_service/storage/models/ETHUSDT_1h_xgboost_20260604_064828.pkl
2026-06-04 06:48:28 | ml_trading | INFO | ✓ Training complete: F1 = 0.2160
2026-06-04 06:48:28 | ml_trading | INFO | 
================================================================================
2026-06-04 06:48:28 | ml_trading | INFO | Processing ETHUSDT 4h
2026-06-04 06:48:28 | ml_trading | INFO | ================================================================================
2026-06-04 06:48:28 | ml_trading | INFO | Old model: ETHUSDT_4h_lightgbm_20260603_181853.pkl
2026-06-04 06:48:28 | ml_trading | INFO | Starting training for ETHUSDT 4h
[!] VWAP requires an ordered DatetimeIndex.
2026-06-04 06:48:29 | ml_trading | INFO | Fetched 200 funding rate records for ETHUSDT
2026-06-04 06:48:29 | ml_trading | INFO | Clean dataset: 83 rows after dropping NaN
2026-06-04 06:48:29 | ml_trading | INFO | Fold 1: train=49, test=12
2026-06-04 06:48:37 | ml_trading | INFO | Fold 2: train=61, test=12
2026-06-04 06:48:37 | ml_trading | INFO | Walk-forward validation complete: 2 folds
2026-06-04 06:48:37 | ml_trading | INFO | Avg F1 - Short: 0.845, Neutral: 0.000, Long: 0.917
2026-06-04 06:48:37 | ml_trading | INFO | Training final lightgbm model on 83 samples
2026-06-04 06:48:37 | ml_trading | INFO | Model saved to /home/zafka/trade-dashboard/ml_service/storage/models/ETHUSDT_4h_lightgbm_20260604_064837.pkl
2026-06-04 06:48:37 | ml_trading | INFO | ✓ Training complete: F1 = 0.7976
2026-06-04 06:48:37 | ml_trading | INFO | 
================================================================================
2026-06-04 06:48:37 | ml_trading | INFO | Processing BNBUSDT 1h
2026-06-04 06:48:37 | ml_trading | INFO | ================================================================================
2026-06-04 06:48:37 | ml_trading | INFO | Old model: BNBUSDT_1h_lightgbm_20260603_183220.pkl
2026-06-04 06:48:37 | ml_trading | INFO | Starting training for BNBUSDT 1h
[!] VWAP requires an ordered DatetimeIndex.
2026-06-04 06:48:42 | ml_trading | INFO | Fetched 200 funding rate records for BNBUSDT
2026-06-04 06:48:42 | ml_trading | INFO | Clean dataset: 579 rows after dropping NaN
2026-06-04 06:48:42 | ml_trading | INFO | Fold 1: train=400, test=50
2026-06-04 06:48:49 | ml_trading | INFO | Fold 2: train=450, test=50
2026-06-04 06:48:51 | ml_trading | INFO | Fold 3: train=500, test=50
2026-06-04 06:48:59 | ml_trading | INFO | Walk-forward validation complete: 3 folds
2026-06-04 06:48:59 | ml_trading | INFO | Avg F1 - Short: 0.417, Neutral: 0.254, Long: 0.547
2026-06-04 06:48:59 | ml_trading | INFO | Training final lightgbm model on 579 samples
2026-06-04 06:48:59 | ml_trading | INFO | Model saved to /home/zafka/trade-dashboard/ml_service/storage/models/BNBUSDT_1h_lightgbm_20260604_064859.pkl
2026-06-04 06:48:59 | ml_trading | INFO | ✓ Training complete: F1 = 0.5075
2026-06-04 06:48:59 | ml_trading | INFO | 
================================================================================
2026-06-04 06:48:59 | ml_trading | INFO | Processing BNBUSDT 4h
2026-06-04 06:48:59 | ml_trading | INFO | ================================================================================
2026-06-04 06:48:59 | ml_trading | INFO | Old model: BNBUSDT_4h_lightgbm_20260603_181952.pkl
2026-06-04 06:49:00 | ml_trading | INFO | Starting training for BNBUSDT 4h
[!] VWAP requires an ordered DatetimeIndex.
2026-06-04 06:49:01 | ml_trading | INFO | Fetched 200 funding rate records for BNBUSDT
2026-06-04 06:49:01 | ml_trading | INFO | Clean dataset: 83 rows after dropping NaN
2026-06-04 06:49:01 | ml_trading | INFO | Fold 1: train=49, test=12
2026-06-04 06:49:01 | ml_trading | INFO | Fold 2: train=61, test=12
2026-06-04 06:49:01 | ml_trading | INFO | Walk-forward validation complete: 2 folds
2026-06-04 06:49:01 | ml_trading | INFO | Avg F1 - Short: 0.771, Neutral: 0.000, Long: 0.787
2026-06-04 06:49:01 | ml_trading | INFO | Training final lightgbm model on 83 samples
2026-06-04 06:49:01 | ml_trading | INFO | Model saved to /home/zafka/trade-dashboard/ml_service/storage/models/BNBUSDT_4h_lightgbm_20260604_064901.pkl
2026-06-04 06:49:01 | ml_trading | INFO | ✓ Training complete: F1 = 0.8102
2026-06-04 06:49:01 | ml_trading | INFO | 
================================================================================
2026-06-04 06:49:01 | ml_trading | INFO | Processing SOLUSDT 1h
2026-06-04 06:49:01 | ml_trading | INFO | ================================================================================
2026-06-04 06:49:01 | ml_trading | INFO | Old model: SOLUSDT_1h_lightgbm_20260603_183322.pkl
2026-06-04 06:49:01 | ml_trading | INFO | Starting training for SOLUSDT 1h
[!] VWAP requires an ordered DatetimeIndex.
2026-06-04 06:49:07 | ml_trading | INFO | Fetched 200 funding rate records for SOLUSDT
2026-06-04 06:49:07 | ml_trading | INFO | Clean dataset: 579 rows after dropping NaN
2026-06-04 06:49:07 | ml_trading | INFO | Fold 1: train=400, test=50
2026-06-04 06:49:20 | ml_trading | INFO | Fold 2: train=450, test=50
2026-06-04 06:49:24 | ml_trading | INFO | Fold 3: train=500, test=50
2026-06-04 06:49:31 | ml_trading | INFO | Walk-forward validation complete: 3 folds
2026-06-04 06:49:31 | ml_trading | INFO | Avg F1 - Short: 0.260, Neutral: 0.103, Long: 0.279
2026-06-04 06:49:31 | ml_trading | INFO | Training final lightgbm model on 579 samples
2026-06-04 06:49:32 | ml_trading | INFO | Model saved to /home/zafka/trade-dashboard/ml_service/storage/models/SOLUSDT_1h_lightgbm_20260604_064932.pkl
2026-06-04 06:49:32 | ml_trading | INFO | ✓ Training complete: F1 = 0.2123
2026-06-04 06:49:32 | ml_trading | INFO | 
================================================================================
2026-06-04 06:49:32 | ml_trading | INFO | Processing SOLUSDT 4h
2026-06-04 06:49:32 | ml_trading | INFO | ================================================================================
2026-06-04 06:49:32 | ml_trading | INFO | Old model: SOLUSDT_4h_xgboost_20260603_182146.pkl
2026-06-04 06:49:32 | ml_trading | INFO | Starting training for SOLUSDT 4h
[!] VWAP requires an ordered DatetimeIndex.
2026-06-04 06:49:33 | ml_trading | INFO | Fetched 200 funding rate records for SOLUSDT
2026-06-04 06:49:33 | ml_trading | INFO | Clean dataset: 83 rows after dropping NaN
2026-06-04 06:49:33 | ml_trading | INFO | Fold 1: train=49, test=12
2026-06-04 06:49:33 | ml_trading | INFO | Fold 2: train=61, test=12
2026-06-04 06:49:33 | ml_trading | INFO | Walk-forward validation complete: 2 folds
2026-06-04 06:49:33 | ml_trading | INFO | Avg F1 - Short: 0.864, Neutral: 0.000, Long: 0.871
2026-06-04 06:49:33 | ml_trading | INFO | Training final xgboost model on 83 samples
2026-06-04 06:49:34 | ml_trading | INFO | Model saved to /home/zafka/trade-dashboard/ml_service/storage/models/SOLUSDT_4h_xgboost_20260604_064934.pkl
2026-06-04 06:49:34 | ml_trading | INFO | ✓ Training complete: F1 = 0.7948
2026-06-04 06:49:34 | ml_trading | INFO | 
================================================================================
2026-06-04 06:49:34 | ml_trading | INFO | Processing HYPEUSDT 1h
2026-06-04 06:49:34 | ml_trading | INFO | ================================================================================
2026-06-04 06:49:34 | ml_trading | INFO | Old model: HYPEUSDT_1h_xgboost_20260603_192149.pkl
2026-06-04 06:49:34 | ml_trading | INFO | Starting training for HYPEUSDT 1h
[!] VWAP requires an ordered DatetimeIndex.
2026-06-04 06:49:46 | ml_trading | INFO | Fetched 200 funding rate records for HYPEUSDT
2026-06-04 06:49:46 | ml_trading | INFO | Clean dataset: 1784 rows after dropping NaN
2026-06-04 06:49:46 | ml_trading | INFO | Fold 1: train=400, test=50
2026-06-04 06:49:53 | ml_trading | INFO | Fold 2: train=450, test=50
2026-06-04 06:49:55 | ml_trading | INFO | Fold 3: train=500, test=50
2026-06-04 06:50:03 | ml_trading | INFO | Fold 4: train=550, test=50
2026-06-04 06:50:09 | ml_trading | INFO | Fold 5: train=600, test=50
2026-06-04 06:50:19 | ml_trading | INFO | Fold 6: train=650, test=50
2026-06-04 06:50:26 | ml_trading | INFO | Fold 7: train=700, test=50
2026-06-04 06:50:36 | ml_trading | INFO | Fold 8: train=750, test=50
2026-06-04 06:50:48 | ml_trading | INFO | Fold 9: train=800, test=50
2026-06-04 06:50:57 | ml_trading | INFO | Fold 10: train=850, test=50
2026-06-04 06:51:06 | ml_trading | INFO | Fold 11: train=900, test=50
2026-06-04 06:51:18 | ml_trading | INFO | Fold 12: train=950, test=50
2026-06-04 06:51:38 | ml_trading | INFO | Fold 13: train=1000, test=50
2026-06-04 06:51:49 | ml_trading | INFO | Fold 14: train=1050, test=50
2026-06-04 06:51:57 | ml_trading | INFO | Fold 15: train=1100, test=50
2026-06-04 06:52:01 | ml_trading | INFO | Fold 16: train=1150, test=50
2026-06-04 06:52:08 | ml_trading | INFO | Fold 17: train=1200, test=50
2026-06-04 06:52:14 | ml_trading | INFO | Fold 18: train=1250, test=50
2026-06-04 06:52:25 | ml_trading | INFO | Fold 19: train=1300, test=50
2026-06-04 06:52:35 | ml_trading | INFO | Fold 20: train=1350, test=50
2026-06-04 06:52:40 | ml_trading | INFO | Fold 21: train=1400, test=50
2026-06-04 06:52:47 | ml_trading | INFO | Fold 22: train=1450, test=50
2026-06-04 06:52:50 | ml_trading | INFO | Fold 23: train=1500, test=50
2026-06-04 06:52:58 | ml_trading | INFO | Fold 24: train=1550, test=50
2026-06-04 06:53:01 | ml_trading | INFO | Fold 25: train=1600, test=50
2026-06-04 06:53:11 | ml_trading | INFO | Fold 26: train=1650, test=50
2026-06-04 06:53:19 | ml_trading | INFO | Fold 27: train=1700, test=50
2026-06-04 06:53:27 | ml_trading | INFO | Walk-forward validation complete: 27 folds
2026-06-04 06:53:27 | ml_trading | INFO | Avg F1 - Short: 0.437, Neutral: 0.144, Long: 0.444
2026-06-04 06:53:27 | ml_trading | INFO | Training final lightgbm model on 1784 samples
2026-06-04 06:53:28 | ml_trading | INFO | Model saved to /home/zafka/trade-dashboard/ml_service/storage/models/HYPEUSDT_1h_lightgbm_20260604_065328.pkl
2026-06-04 06:53:28 | ml_trading | INFO | ✓ Training complete: F1 = 0.4409
2026-06-04 06:53:28 | ml_trading | INFO | 
================================================================================
2026-06-04 06:53:28 | ml_trading | INFO | Processing HYPEUSDT 4h
2026-06-04 06:53:28 | ml_trading | INFO | ================================================================================
2026-06-04 06:53:28 | ml_trading | INFO | Old model: HYPEUSDT_4h_lightgbm_20260603_191030.pkl
2026-06-04 06:53:28 | ml_trading | INFO | Starting training for HYPEUSDT 4h
[!] VWAP requires an ordered DatetimeIndex.
2026-06-04 06:53:39 | ml_trading | INFO | Fetched 200 funding rate records for HYPEUSDT
2026-06-04 06:53:39 | ml_trading | INFO | Clean dataset: 1784 rows after dropping NaN
2026-06-04 06:53:39 | ml_trading | INFO | Fold 1: train=400, test=50
2026-06-04 06:53:46 | ml_trading | INFO | Fold 2: train=450, test=50
2026-06-04 06:53:47 | ml_trading | INFO | Fold 3: train=500, test=50
2026-06-04 06:53:49 | ml_trading | INFO | Fold 4: train=550, test=50
2026-06-04 06:53:56 | ml_trading | INFO | Fold 5: train=600, test=50
2026-06-04 06:53:59 | ml_trading | INFO | Fold 6: train=650, test=50
2026-06-04 06:54:01 | ml_trading | INFO | Fold 7: train=700, test=50
2026-06-04 06:54:07 | ml_trading | INFO | Fold 8: train=750, test=50
2026-06-04 06:54:10 | ml_trading | INFO | Fold 9: train=800, test=50
2026-06-04 06:54:18 | ml_trading | INFO | Fold 10: train=850, test=50
2026-06-04 06:54:20 | ml_trading | INFO | Fold 11: train=900, test=50
2026-06-04 06:54:27 | ml_trading | INFO | Fold 12: train=950, test=50
2026-06-04 06:54:30 | ml_trading | INFO | Fold 13: train=1000, test=50
2026-06-04 06:54:38 | ml_trading | INFO | Fold 14: train=1050, test=50
2026-06-04 06:54:42 | ml_trading | INFO | Fold 15: train=1100, test=50
2026-06-04 06:54:49 | ml_trading | INFO | Fold 16: train=1150, test=50
2026-06-04 06:54:57 | ml_trading | INFO | Fold 17: train=1200, test=50
2026-06-04 06:55:06 | ml_trading | INFO | Fold 18: train=1250, test=50
2026-06-04 06:55:08 | ml_trading | INFO | Fold 19: train=1300, test=50
2026-06-04 06:55:17 | ml_trading | INFO | Fold 20: train=1350, test=50
2026-06-04 06:55:25 | ml_trading | INFO | Fold 21: train=1400, test=50
2026-06-04 06:55:27 | ml_trading | INFO | Fold 22: train=1450, test=50
2026-06-04 06:55:37 | ml_trading | INFO | Fold 23: train=1500, test=50
2026-06-04 06:55:47 | ml_trading | INFO | Fold 24: train=1550, test=50
2026-06-04 06:55:55 | ml_trading | INFO | Fold 25: train=1600, test=50
2026-06-04 06:55:57 | ml_trading | INFO | Fold 26: train=1650, test=50
2026-06-04 06:56:05 | ml_trading | INFO | Fold 27: train=1700, test=50
2026-06-04 06:56:08 | ml_trading | INFO | Walk-forward validation complete: 27 folds
2026-06-04 06:56:08 | ml_trading | INFO | Avg F1 - Short: 0.447, Neutral: 0.009, Long: 0.458
2026-06-04 06:56:08 | ml_trading | INFO | Training final lightgbm model on 1784 samples
2026-06-04 06:56:09 | ml_trading | INFO | Model saved to /home/zafka/trade-dashboard/ml_service/storage/models/HYPEUSDT_4h_lightgbm_20260604_065609.pkl
2026-06-04 06:56:09 | ml_trading | INFO | ✓ Training complete: F1 = 0.4249

====================================================================================================
BEFORE/AFTER F1 COMPARISON - ALL CRYPTO MODELS
====================================================================================================

Note: Old F1 scores are from previous training runs.
New features added: Funding Rate, Volume Profile, Cross-Pair Correlation

Symbol       Timeframe  Old F1     New F1     Change          Status              
----------------------------------------------------------------------------------------------------
BTCUSDT      1h         N/A        0.3133     NEW MODEL       SUCCESS             
BTCUSDT      4h         N/A        0.5482     NEW MODEL       SUCCESS             
ETHUSDT      1h         N/A        0.2160     NEW MODEL       SUCCESS             
ETHUSDT      4h         N/A        0.7976     NEW MODEL       SUCCESS             
BNBUSDT      1h         N/A        0.5075     NEW MODEL       SUCCESS             
BNBUSDT      4h         N/A        0.8102     NEW MODEL       SUCCESS             
SOLUSDT      1h         N/A        0.2123     NEW MODEL       SUCCESS             
SOLUSDT      4h         N/A        0.7948     NEW MODEL       SUCCESS             
HYPEUSDT     1h         N/A        0.4409     NEW MODEL       SUCCESS             
HYPEUSDT     4h         N/A        0.4249     NEW MODEL       SUCCESS             

✓ Successfully retrained: 10/10 models
✗ Failed/Skipped: 0/10 models

====================================================================================================
NEW FEATURE MODULES INTEGRATED:
====================================================================================================
1. Funding Rate (crypto-specific):
   - funding_rate, funding_rate_ma, funding_extreme, funding_sentiment

2. Volume Profile:
   - poc_distance, vah_distance, val_distance, price_in_value_area, volume_nodes

3. Cross-Pair Correlation:
   - btc_correlation, spy_correlation, correlation_regime
====================================================================================================
